#Timing report of worst 53 path(s)
# Unit scale: 1e-09 seconds
# Output precision: 3

#Path 1
Startpoint: dj4[1].dout[0] (jand clocked by w_gclk_13[1])
Endpoint  : dj4[1].dinB[0] (jand clocked by w_gclk_13[1])
Path Type : setup

Point                                                             Incr      Path
--------------------------------------------------------------------------------
clock w_gclk_13[1] (rise edge)                                   0.000     0.000
clock source latency                                             0.000     0.000
w_gclk_13[0].doutB[0] (jspl3)                                    0.000     0.000
dj4[1].clk[0] (jand)                                             0.000     0.000
dj4[1].dout[0] (jand) [clock-to-output]                          0.008     0.008
dj4[2].dinB[0] (jcb)                                             0.004     0.011
dj4[2].dout[0] (jcb)                                             0.008     0.019
dj4[3].din[0] (jspl3)                                            0.005     0.024
dj4[3].doutA[0] (jspl3)                                          0.006     0.029
dj4[1].dinB[0] (jand)                                            0.004     0.033
data arrival time                                                          0.033

clock w_gclk_13[1] (rise edge)                                   0.000     0.000
clock source latency                                             0.000     0.000
w_gclk_13[0].doutB[0] (jspl3)                                    0.000     0.000
dj4[1].clk[0] (jand)                                             0.000     0.000
clock uncertainty                                                0.000     0.000
cell setup time                                                  0.000     0.000
data required time                                                         0.000
--------------------------------------------------------------------------------
data required time                                                         0.000
data arrival time                                                         -0.033
--------------------------------------------------------------------------------
slack (VIOLATED)                                                          -0.033


#Path 2
Startpoint: $true.inpad[0] (.input clocked by virtual_io_clock)
Endpoint  : dj1[4].clear[0] (jscdff clocked by w_gclk_8[2])
Path Type : setup

Point                                                             Incr      Path
--------------------------------------------------------------------------------
clock virtual_io_clock (rise edge)                               0.000     0.000
clock source latency                                             0.000     0.000
input external delay                                             0.000     0.000
$true.inpad[0] (.input)                                          0.000     0.000
dj1[4].clear[0] (jscdff)                                         0.010     0.010
data arrival time                                                          0.010

clock w_gclk_8[2] (rise edge)                                    0.000     0.000
clock source latency                                             0.000     0.000
w_gclk_8[0].doutC[0] (jspl3)                                     0.000     0.000
dj1[4].clk[0] (jscdff)                                           0.000     0.000
clock uncertainty                                                0.000     0.000
cell setup time                                                 -0.003    -0.003
data required time                                                        -0.003
--------------------------------------------------------------------------------
data required time                                                        -0.003
data arrival time                                                         -0.010
--------------------------------------------------------------------------------
slack (VIOLATED)                                                          -0.012


#Path 3
Startpoint: Sum.dout[0] (jxor clocked by w_gclk_15[2])
Endpoint  : out:Sum.outpad[0] (.output clocked by virtual_io_clock)
Path Type : setup

Point                                                             Incr      Path
--------------------------------------------------------------------------------
clock w_gclk_15[2] (rise edge)                                   0.000     0.000
clock source latency                                             0.000     0.000
w_gclk_15[0].doutC[0] (jspl3)                                    0.000     0.000
Sum.clk[0] (jxor)                                                0.000     0.000
Sum.dout[0] (jxor) [clock-to-output]                             0.007     0.007
out:Sum.outpad[0] (.output)                                      0.005     0.012
data arrival time                                                          0.012

clock virtual_io_clock (rise edge)                               0.000     0.000
clock source latency                                             0.000     0.000
clock uncertainty                                                0.000     0.000
output external delay                                            0.000     0.000
data required time                                                         0.000
--------------------------------------------------------------------------------
data required time                                                         0.000
data arrival time                                                         -0.012
--------------------------------------------------------------------------------
slack (VIOLATED)                                                          -0.012


#Path 4
Startpoint: $true.inpad[0] (.input clocked by virtual_io_clock)
Endpoint  : dj0[1].clear[0] (jscdff clocked by w_gclk_5[1])
Path Type : setup

Point                                                             Incr      Path
--------------------------------------------------------------------------------
clock virtual_io_clock (rise edge)                               0.000     0.000
clock source latency                                             0.000     0.000
input external delay                                             0.000     0.000
$true.inpad[0] (.input)                                          0.000     0.000
dj0[1].clear[0] (jscdff)                                         0.008     0.008
data arrival time                                                          0.008

clock w_gclk_5[1] (rise edge)                                    0.000     0.000
clock source latency                                             0.000     0.000
w_gclk_5[0].doutB[0] (jspl3)                                     0.000     0.000
dj0[1].clk[0] (jscdff)                                           0.000     0.000
clock uncertainty                                                0.000     0.000
cell setup time                                                 -0.003    -0.003
data required time                                                        -0.003
--------------------------------------------------------------------------------
data required time                                                        -0.003
data arrival time                                                         -0.008
--------------------------------------------------------------------------------
slack (VIOLATED)                                                          -0.011


#Path 5
Startpoint: $true.inpad[0] (.input clocked by virtual_io_clock)
Endpoint  : dj0[4].clear[0] (jscdff clocked by w_gclk_6[1])
Path Type : setup

Point                                                             Incr      Path
--------------------------------------------------------------------------------
clock virtual_io_clock (rise edge)                               0.000     0.000
clock source latency                                             0.000     0.000
input external delay                                             0.000     0.000
$true.inpad[0] (.input)                                          0.000     0.000
dj0[4].clear[0] (jscdff)                                         0.008     0.008
data arrival time                                                          0.008

clock w_gclk_6[1] (rise edge)                                    0.000     0.000
clock source latency                                             0.000     0.000
w_gclk_6[0].doutB[0] (jspl3)                                     0.000     0.000
dj0[4].clk[0] (jscdff)                                           0.000     0.000
clock uncertainty                                                0.000     0.000
cell setup time                                                 -0.003    -0.003
data required time                                                        -0.003
--------------------------------------------------------------------------------
data required time                                                        -0.003
data arrival time                                                         -0.008
--------------------------------------------------------------------------------
slack (VIOLATED)                                                          -0.011


#Path 6
Startpoint: $true.inpad[0] (.input clocked by virtual_io_clock)
Endpoint  : dj0[4].en[0] (jscdff clocked by w_gclk_6[1])
Path Type : setup

Point                                                             Incr      Path
--------------------------------------------------------------------------------
clock virtual_io_clock (rise edge)                               0.000     0.000
clock source latency                                             0.000     0.000
input external delay                                             0.000     0.000
$true.inpad[0] (.input)                                          0.000     0.000
dj0[4].en[0] (jscdff)                                            0.008     0.008
data arrival time                                                          0.008

clock w_gclk_6[1] (rise edge)                                    0.000     0.000
clock source latency                                             0.000     0.000
w_gclk_6[0].doutB[0] (jspl3)                                     0.000     0.000
dj0[4].clk[0] (jscdff)                                           0.000     0.000
clock uncertainty                                                0.000     0.000
cell setup time                                                 -0.003    -0.003
data required time                                                        -0.003
--------------------------------------------------------------------------------
data required time                                                        -0.003
data arrival time                                                         -0.008
--------------------------------------------------------------------------------
slack (VIOLATED)                                                          -0.011


#Path 7
Startpoint: $true.inpad[0] (.input clocked by virtual_io_clock)
Endpoint  : dj0[5].clear[0] (jscdff clocked by w_gclk_6[2])
Path Type : setup

Point                                                             Incr      Path
--------------------------------------------------------------------------------
clock virtual_io_clock (rise edge)                               0.000     0.000
clock source latency                                             0.000     0.000
input external delay                                             0.000     0.000
$true.inpad[0] (.input)                                          0.000     0.000
dj0[5].clear[0] (jscdff)                                         0.008     0.008
data arrival time                                                          0.008

clock w_gclk_6[2] (rise edge)                                    0.000     0.000
clock source latency                                             0.000     0.000
w_gclk_6[0].doutC[0] (jspl3)                                     0.000     0.000
dj0[5].clk[0] (jscdff)                                           0.000     0.000
clock uncertainty                                                0.000     0.000
cell setup time                                                 -0.003    -0.003
data required time                                                        -0.003
--------------------------------------------------------------------------------
data required time                                                        -0.003
data arrival time                                                         -0.008
--------------------------------------------------------------------------------
slack (VIOLATED)                                                          -0.011


#Path 8
Startpoint: $true.inpad[0] (.input clocked by virtual_io_clock)
Endpoint  : dj0[5].en[0] (jscdff clocked by w_gclk_6[2])
Path Type : setup

Point                                                             Incr      Path
--------------------------------------------------------------------------------
clock virtual_io_clock (rise edge)                               0.000     0.000
clock source latency                                             0.000     0.000
input external delay                                             0.000     0.000
$true.inpad[0] (.input)                                          0.000     0.000
dj0[5].en[0] (jscdff)                                            0.008     0.008
data arrival time                                                          0.008

clock w_gclk_6[2] (rise edge)                                    0.000     0.000
clock source latency                                             0.000     0.000
w_gclk_6[0].doutC[0] (jspl3)                                     0.000     0.000
dj0[5].clk[0] (jscdff)                                           0.000     0.000
clock uncertainty                                                0.000     0.000
cell setup time                                                 -0.003    -0.003
data required time                                                        -0.003
--------------------------------------------------------------------------------
data required time                                                        -0.003
data arrival time                                                         -0.008
--------------------------------------------------------------------------------
slack (VIOLATED)                                                          -0.011


#Path 9
Startpoint: $true.inpad[0] (.input clocked by virtual_io_clock)
Endpoint  : dj1[4].en[0] (jscdff clocked by w_gclk_8[2])
Path Type : setup

Point                                                             Incr      Path
--------------------------------------------------------------------------------
clock virtual_io_clock (rise edge)                               0.000     0.000
clock source latency                                             0.000     0.000
input external delay                                             0.000     0.000
$true.inpad[0] (.input)                                          0.000     0.000
dj1[4].en[0] (jscdff)                                            0.008     0.008
data arrival time                                                          0.008

clock w_gclk_8[2] (rise edge)                                    0.000     0.000
clock source latency                                             0.000     0.000
w_gclk_8[0].doutC[0] (jspl3)                                     0.000     0.000
dj1[4].clk[0] (jscdff)                                           0.000     0.000
clock uncertainty                                                0.000     0.000
cell setup time                                                 -0.003    -0.003
data required time                                                        -0.003
--------------------------------------------------------------------------------
data required time                                                        -0.003
data arrival time                                                         -0.008
--------------------------------------------------------------------------------
slack (VIOLATED)                                                          -0.011


#Path 10
Startpoint: $true.inpad[0] (.input clocked by virtual_io_clock)
Endpoint  : dj3[3].clear[0] (jscdff clocked by w_gclk_12[1])
Path Type : setup

Point                                                             Incr      Path
--------------------------------------------------------------------------------
clock virtual_io_clock (rise edge)                               0.000     0.000
clock source latency                                             0.000     0.000
input external delay                                             0.000     0.000
$true.inpad[0] (.input)                                          0.000     0.000
dj3[3].clear[0] (jscdff)                                         0.008     0.008
data arrival time                                                          0.008

clock w_gclk_12[1] (rise edge)                                   0.000     0.000
clock source latency                                             0.000     0.000
w_gclk_12[0].doutB[0] (jspl3)                                    0.000     0.000
dj3[3].clk[0] (jscdff)                                           0.000     0.000
clock uncertainty                                                0.000     0.000
cell setup time                                                 -0.003    -0.003
data required time                                                        -0.003
--------------------------------------------------------------------------------
data required time                                                        -0.003
data arrival time                                                         -0.008
--------------------------------------------------------------------------------
slack (VIOLATED)                                                          -0.011


#Path 11
Startpoint: Overflow.dout[0] (jxor clocked by w_gclk_15[1])
Endpoint  : out:Overflow.outpad[0] (.output clocked by virtual_io_clock)
Path Type : setup

Point                                                             Incr      Path
--------------------------------------------------------------------------------
clock w_gclk_15[1] (rise edge)                                   0.000     0.000
clock source latency                                             0.000     0.000
w_gclk_15[0].doutB[0] (jspl3)                                    0.000     0.000
Overflow.clk[0] (jxor)                                           0.000     0.000
Overflow.dout[0] (jxor) [clock-to-output]                        0.007     0.007
out:Overflow.outpad[0] (.output)                                 0.004     0.011
data arrival time                                                          0.011

clock virtual_io_clock (rise edge)                               0.000     0.000
clock source latency                                             0.000     0.000
clock uncertainty                                                0.000     0.000
output external delay                                            0.000     0.000
data required time                                                         0.000
--------------------------------------------------------------------------------
data required time                                                         0.000
data arrival time                                                         -0.011
--------------------------------------------------------------------------------
slack (VIOLATED)                                                          -0.011


#Path 12
Startpoint: $true.inpad[0] (.input clocked by virtual_io_clock)
Endpoint  : dj4[0].clear[0] (jscdff clocked by w_gclk_13[0])
Path Type : setup

Point                                                             Incr      Path
--------------------------------------------------------------------------------
clock virtual_io_clock (rise edge)                               0.000     0.000
clock source latency                                             0.000     0.000
input external delay                                             0.000     0.000
$true.inpad[0] (.input)                                          0.000     0.000
dj4[0].clear[0] (jscdff)                                         0.007     0.007
data arrival time                                                          0.007

clock w_gclk_13[0] (rise edge)                                   0.000     0.000
clock source latency                                             0.000     0.000
w_gclk_13[0].doutA[0] (jspl3)                                    0.000     0.000
dj4[0].clk[0] (jscdff)                                           0.000     0.000
clock uncertainty                                                0.000     0.000
cell setup time                                                 -0.003    -0.003
data required time                                                        -0.003
--------------------------------------------------------------------------------
data required time                                                        -0.003
data arrival time                                                         -0.007
--------------------------------------------------------------------------------
slack (VIOLATED)                                                          -0.010


#Path 13
Startpoint: $true.inpad[0] (.input clocked by virtual_io_clock)
Endpoint  : dj4[6].clear[0] (jscdff clocked by w_gclk_13[2])
Path Type : setup

Point                                                             Incr      Path
--------------------------------------------------------------------------------
clock virtual_io_clock (rise edge)                               0.000     0.000
clock source latency                                             0.000     0.000
input external delay                                             0.000     0.000
$true.inpad[0] (.input)                                          0.000     0.000
dj4[6].clear[0] (jscdff)                                         0.007     0.007
data arrival time                                                          0.007

clock w_gclk_13[2] (rise edge)                                   0.000     0.000
clock source latency                                             0.000     0.000
w_gclk_13[0].doutC[0] (jspl3)                                    0.000     0.000
dj4[6].clk[0] (jscdff)                                           0.000     0.000
clock uncertainty                                                0.000     0.000
cell setup time                                                 -0.003    -0.003
data required time                                                        -0.003
--------------------------------------------------------------------------------
data required time                                                        -0.003
data arrival time                                                         -0.007
--------------------------------------------------------------------------------
slack (VIOLATED)                                                          -0.010


#Path 14
Startpoint: $true.inpad[0] (.input clocked by virtual_io_clock)
Endpoint  : dj4[6].en[0] (jscdff clocked by w_gclk_13[2])
Path Type : setup

Point                                                             Incr      Path
--------------------------------------------------------------------------------
clock virtual_io_clock (rise edge)                               0.000     0.000
clock source latency                                             0.000     0.000
input external delay                                             0.000     0.000
$true.inpad[0] (.input)                                          0.000     0.000
dj4[6].en[0] (jscdff)                                            0.007     0.007
data arrival time                                                          0.007

clock w_gclk_13[2] (rise edge)                                   0.000     0.000
clock source latency                                             0.000     0.000
w_gclk_13[0].doutC[0] (jspl3)                                    0.000     0.000
dj4[6].clk[0] (jscdff)                                           0.000     0.000
clock uncertainty                                                0.000     0.000
cell setup time                                                 -0.003    -0.003
data required time                                                        -0.003
--------------------------------------------------------------------------------
data required time                                                        -0.003
data arrival time                                                         -0.007
--------------------------------------------------------------------------------
slack (VIOLATED)                                                          -0.010


#Path 15
Startpoint: $true.inpad[0] (.input clocked by virtual_io_clock)
Endpoint  : dj1[5].clear[0] (jscdff clocked by w_gclk_9[0])
Path Type : setup

Point                                                             Incr      Path
--------------------------------------------------------------------------------
clock virtual_io_clock (rise edge)                               0.000     0.000
clock source latency                                             0.000     0.000
input external delay                                             0.000     0.000
$true.inpad[0] (.input)                                          0.000     0.000
dj1[5].clear[0] (jscdff)                                         0.007     0.007
data arrival time                                                          0.007

clock w_gclk_9[0] (rise edge)                                    0.000     0.000
clock source latency                                             0.000     0.000
w_gclk_9[0].doutA[0] (jspl3)                                     0.000     0.000
dj1[5].clk[0] (jscdff)                                           0.000     0.000
clock uncertainty                                                0.000     0.000
cell setup time                                                 -0.003    -0.003
data required time                                                        -0.003
--------------------------------------------------------------------------------
data required time                                                        -0.003
data arrival time                                                         -0.007
--------------------------------------------------------------------------------
slack (VIOLATED)                                                          -0.010


#Path 16
Startpoint: $true.inpad[0] (.input clocked by virtual_io_clock)
Endpoint  : dj1[1].clear[0] (jscdff clocked by w_gclk_7[2])
Path Type : setup

Point                                                             Incr      Path
--------------------------------------------------------------------------------
clock virtual_io_clock (rise edge)                               0.000     0.000
clock source latency                                             0.000     0.000
input external delay                                             0.000     0.000
$true.inpad[0] (.input)                                          0.000     0.000
dj1[1].clear[0] (jscdff)                                         0.007     0.007
data arrival time                                                          0.007

clock w_gclk_7[2] (rise edge)                                    0.000     0.000
clock source latency                                             0.000     0.000
w_gclk_7[0].doutC[0] (jspl3)                                     0.000     0.000
dj1[1].clk[0] (jscdff)                                           0.000     0.000
clock uncertainty                                                0.000     0.000
cell setup time                                                 -0.003    -0.003
data required time                                                        -0.003
--------------------------------------------------------------------------------
data required time                                                        -0.003
data arrival time                                                         -0.007
--------------------------------------------------------------------------------
slack (VIOLATED)                                                          -0.010


#Path 17
Startpoint: $true.inpad[0] (.input clocked by virtual_io_clock)
Endpoint  : dj1[5].en[0] (jscdff clocked by w_gclk_9[0])
Path Type : setup

Point                                                             Incr      Path
--------------------------------------------------------------------------------
clock virtual_io_clock (rise edge)                               0.000     0.000
clock source latency                                             0.000     0.000
input external delay                                             0.000     0.000
$true.inpad[0] (.input)                                          0.000     0.000
dj1[5].en[0] (jscdff)                                            0.007     0.007
data arrival time                                                          0.007

clock w_gclk_9[0] (rise edge)                                    0.000     0.000
clock source latency                                             0.000     0.000
w_gclk_9[0].doutA[0] (jspl3)                                     0.000     0.000
dj1[5].clk[0] (jscdff)                                           0.000     0.000
clock uncertainty                                                0.000     0.000
cell setup time                                                 -0.003    -0.003
data required time                                                        -0.003
--------------------------------------------------------------------------------
data required time                                                        -0.003
data arrival time                                                         -0.007
--------------------------------------------------------------------------------
slack (VIOLATED)                                                          -0.010


#Path 18
Startpoint: $true.inpad[0] (.input clocked by virtual_io_clock)
Endpoint  : dj3[3].en[0] (jscdff clocked by w_gclk_12[1])
Path Type : setup

Point                                                             Incr      Path
--------------------------------------------------------------------------------
clock virtual_io_clock (rise edge)                               0.000     0.000
clock source latency                                             0.000     0.000
input external delay                                             0.000     0.000
$true.inpad[0] (.input)                                          0.000     0.000
dj3[3].en[0] (jscdff)                                            0.007     0.007
data arrival time                                                          0.007

clock w_gclk_12[1] (rise edge)                                   0.000     0.000
clock source latency                                             0.000     0.000
w_gclk_12[0].doutB[0] (jspl3)                                    0.000     0.000
dj3[3].clk[0] (jscdff)                                           0.000     0.000
clock uncertainty                                                0.000     0.000
cell setup time                                                 -0.003    -0.003
data required time                                                        -0.003
--------------------------------------------------------------------------------
data required time                                                        -0.003
data arrival time                                                         -0.007
--------------------------------------------------------------------------------
slack (VIOLATED)                                                          -0.010


#Path 19
Startpoint: $true.inpad[0] (.input clocked by virtual_io_clock)
Endpoint  : dj0[1].en[0] (jscdff clocked by w_gclk_5[1])
Path Type : setup

Point                                                             Incr      Path
--------------------------------------------------------------------------------
clock virtual_io_clock (rise edge)                               0.000     0.000
clock source latency                                             0.000     0.000
input external delay                                             0.000     0.000
$true.inpad[0] (.input)                                          0.000     0.000
dj0[1].en[0] (jscdff)                                            0.007     0.007
data arrival time                                                          0.007

clock w_gclk_5[1] (rise edge)                                    0.000     0.000
clock source latency                                             0.000     0.000
w_gclk_5[0].doutB[0] (jspl3)                                     0.000     0.000
dj0[1].clk[0] (jscdff)                                           0.000     0.000
clock uncertainty                                                0.000     0.000
cell setup time                                                 -0.003    -0.003
data required time                                                        -0.003
--------------------------------------------------------------------------------
data required time                                                        -0.003
data arrival time                                                         -0.007
--------------------------------------------------------------------------------
slack (VIOLATED)                                                          -0.010


#Path 20
Startpoint: Cmpl_Y.inpad[0] (.input clocked by virtual_io_clock)
Endpoint  : dj0[2].dinB[0] (jxor clocked by w_gclk_5[2])
Path Type : setup

Point                                                             Incr      Path
--------------------------------------------------------------------------------
clock virtual_io_clock (rise edge)                               0.000     0.000
clock source latency                                             0.000     0.000
input external delay                                             0.000     0.000
Cmpl_Y.inpad[0] (.input)                                         0.000     0.000
dj0[2].dinB[0] (jxor)                                            0.004     0.004
data arrival time                                                          0.004

clock w_gclk_5[2] (rise edge)                                    0.000     0.000
clock source latency                                             0.000     0.000
w_gclk_5[0].doutC[0] (jspl3)                                     0.000     0.000
dj0[2].clk[0] (jxor)                                             0.000     0.000
clock uncertainty                                                0.000     0.000
cell setup time                                                 -0.005    -0.005
data required time                                                        -0.005
--------------------------------------------------------------------------------
data required time                                                        -0.005
data arrival time                                                         -0.004
--------------------------------------------------------------------------------
slack (VIOLATED)                                                          -0.009


#Path 21
Startpoint: Y.inpad[0] (.input clocked by virtual_io_clock)
Endpoint  : dj0[2].dinA[0] (jxor clocked by w_gclk_5[2])
Path Type : setup

Point                                                             Incr      Path
--------------------------------------------------------------------------------
clock virtual_io_clock (rise edge)                               0.000     0.000
clock source latency                                             0.000     0.000
input external delay                                             0.000     0.000
Y.inpad[0] (.input)                                              0.000     0.000
dj0[2].dinA[0] (jxor)                                            0.004     0.004
data arrival time                                                          0.004

clock w_gclk_5[2] (rise edge)                                    0.000     0.000
clock source latency                                             0.000     0.000
w_gclk_5[0].doutC[0] (jspl3)                                     0.000     0.000
dj0[2].clk[0] (jxor)                                             0.000     0.000
clock uncertainty                                                0.000     0.000
cell setup time                                                 -0.005    -0.005
data required time                                                        -0.005
--------------------------------------------------------------------------------
data required time                                                        -0.005
data arrival time                                                         -0.004
--------------------------------------------------------------------------------
slack (VIOLATED)                                                          -0.009


#Path 22
Startpoint: X.inpad[0] (.input clocked by virtual_io_clock)
Endpoint  : dj0[3].dinA[0] (jxor clocked by w_gclk_6[0])
Path Type : setup

Point                                                             Incr      Path
--------------------------------------------------------------------------------
clock virtual_io_clock (rise edge)                               0.000     0.000
clock source latency                                             0.000     0.000
input external delay                                             0.000     0.000
X.inpad[0] (.input)                                              0.000     0.000
dj0[3].dinA[0] (jxor)                                            0.004     0.004
data arrival time                                                          0.004

clock w_gclk_6[0] (rise edge)                                    0.000     0.000
clock source latency                                             0.000     0.000
w_gclk_6[0].doutA[0] (jspl3)                                     0.000     0.000
dj0[3].clk[0] (jxor)                                             0.000     0.000
clock uncertainty                                                0.000     0.000
cell setup time                                                 -0.005    -0.005
data required time                                                        -0.005
--------------------------------------------------------------------------------
data required time                                                        -0.005
data arrival time                                                         -0.004
--------------------------------------------------------------------------------
slack (VIOLATED)                                                          -0.009


#Path 23
Startpoint: Op_AND.inpad[0] (.input clocked by virtual_io_clock)
Endpoint  : dj0[5].din[0] (jscdff clocked by w_gclk_6[2])
Path Type : setup

Point                                                             Incr      Path
--------------------------------------------------------------------------------
clock virtual_io_clock (rise edge)                               0.000     0.000
clock source latency                                             0.000     0.000
input external delay                                             0.000     0.000
Op_AND.inpad[0] (.input)                                         0.000     0.000
dj0[5].din[0] (jscdff)                                           0.006     0.006
data arrival time                                                          0.006

clock w_gclk_6[2] (rise edge)                                    0.000     0.000
clock source latency                                             0.000     0.000
w_gclk_6[0].doutC[0] (jspl3)                                     0.000     0.000
dj0[5].clk[0] (jscdff)                                           0.000     0.000
clock uncertainty                                                0.000     0.000
cell setup time                                                 -0.003    -0.003
data required time                                                        -0.003
--------------------------------------------------------------------------------
data required time                                                        -0.003
data arrival time                                                         -0.006
--------------------------------------------------------------------------------
slack (VIOLATED)                                                          -0.009


#Path 24
Startpoint: $true.inpad[0] (.input clocked by virtual_io_clock)
Endpoint  : dj1[1].en[0] (jscdff clocked by w_gclk_7[2])
Path Type : setup

Point                                                             Incr      Path
--------------------------------------------------------------------------------
clock virtual_io_clock (rise edge)                               0.000     0.000
clock source latency                                             0.000     0.000
input external delay                                             0.000     0.000
$true.inpad[0] (.input)                                          0.000     0.000
dj1[1].en[0] (jscdff)                                            0.006     0.006
data arrival time                                                          0.006

clock w_gclk_7[2] (rise edge)                                    0.000     0.000
clock source latency                                             0.000     0.000
w_gclk_7[0].doutC[0] (jspl3)                                     0.000     0.000
dj1[1].clk[0] (jscdff)                                           0.000     0.000
clock uncertainty                                                0.000     0.000
cell setup time                                                 -0.003    -0.003
data required time                                                        -0.003
--------------------------------------------------------------------------------
data required time                                                        -0.003
data arrival time                                                         -0.006
--------------------------------------------------------------------------------
slack (VIOLATED)                                                          -0.009


#Path 25
Startpoint: $true.inpad[0] (.input clocked by virtual_io_clock)
Endpoint  : dj4[0].en[0] (jscdff clocked by w_gclk_13[0])
Path Type : setup

Point                                                             Incr      Path
--------------------------------------------------------------------------------
clock virtual_io_clock (rise edge)                               0.000     0.000
clock source latency                                             0.000     0.000
input external delay                                             0.000     0.000
$true.inpad[0] (.input)                                          0.000     0.000
dj4[0].en[0] (jscdff)                                            0.006     0.006
data arrival time                                                          0.006

clock w_gclk_13[0] (rise edge)                                   0.000     0.000
clock source latency                                             0.000     0.000
w_gclk_13[0].doutA[0] (jspl3)                                    0.000     0.000
dj4[0].clk[0] (jscdff)                                           0.000     0.000
clock uncertainty                                                0.000     0.000
cell setup time                                                 -0.003    -0.003
data required time                                                        -0.003
--------------------------------------------------------------------------------
data required time                                                        -0.003
data arrival time                                                         -0.006
--------------------------------------------------------------------------------
slack (VIOLATED)                                                          -0.009


#Path 26
Startpoint: $true.inpad[0] (.input clocked by virtual_io_clock)
Endpoint  : dj4[9].clear[0] (jscdff clocked by w_gclk_14[2])
Path Type : setup

Point                                                             Incr      Path
--------------------------------------------------------------------------------
clock virtual_io_clock (rise edge)                               0.000     0.000
clock source latency                                             0.000     0.000
input external delay                                             0.000     0.000
$true.inpad[0] (.input)                                          0.000     0.000
dj4[9].clear[0] (jscdff)                                         0.006     0.006
data arrival time                                                          0.006

clock w_gclk_14[2] (rise edge)                                   0.000     0.000
clock source latency                                             0.000     0.000
w_gclk_14[0].doutC[0] (jspl3)                                    0.000     0.000
dj4[9].clk[0] (jscdff)                                           0.000     0.000
clock uncertainty                                                0.000     0.000
cell setup time                                                 -0.003    -0.003
data required time                                                        -0.003
--------------------------------------------------------------------------------
data required time                                                        -0.003
data arrival time                                                         -0.006
--------------------------------------------------------------------------------
slack (VIOLATED)                                                          -0.009


#Path 27
Startpoint: $true.inpad[0] (.input clocked by virtual_io_clock)
Endpoint  : dj3[2].en[0] (jscdff clocked by w_gclk_12[0])
Path Type : setup

Point                                                             Incr      Path
--------------------------------------------------------------------------------
clock virtual_io_clock (rise edge)                               0.000     0.000
clock source latency                                             0.000     0.000
input external delay                                             0.000     0.000
$true.inpad[0] (.input)                                          0.000     0.000
dj3[2].en[0] (jscdff)                                            0.006     0.006
data arrival time                                                          0.006

clock w_gclk_12[0] (rise edge)                                   0.000     0.000
clock source latency                                             0.000     0.000
w_gclk_12[0].doutA[0] (jspl3)                                    0.000     0.000
dj3[2].clk[0] (jscdff)                                           0.000     0.000
clock uncertainty                                                0.000     0.000
cell setup time                                                 -0.003    -0.003
data required time                                                        -0.003
--------------------------------------------------------------------------------
data required time                                                        -0.003
data arrival time                                                         -0.006
--------------------------------------------------------------------------------
slack (VIOLATED)                                                          -0.009


#Path 28
Startpoint: $true.inpad[0] (.input clocked by virtual_io_clock)
Endpoint  : dj2[1].clear[0] (jscdff clocked by w_gclk_10[0])
Path Type : setup

Point                                                             Incr      Path
--------------------------------------------------------------------------------
clock virtual_io_clock (rise edge)                               0.000     0.000
clock source latency                                             0.000     0.000
input external delay                                             0.000     0.000
$true.inpad[0] (.input)                                          0.000     0.000
dj2[1].clear[0] (jscdff)                                         0.006     0.006
data arrival time                                                          0.006

clock w_gclk_10[0] (rise edge)                                   0.000     0.000
clock source latency                                             0.000     0.000
w_gclk_10[0].doutA[0] (jspl3)                                    0.000     0.000
dj2[1].clk[0] (jscdff)                                           0.000     0.000
clock uncertainty                                                0.000     0.000
cell setup time                                                 -0.003    -0.003
data required time                                                        -0.003
--------------------------------------------------------------------------------
data required time                                                        -0.003
data arrival time                                                         -0.006
--------------------------------------------------------------------------------
slack (VIOLATED)                                                          -0.009


#Path 29
Startpoint: $true.inpad[0] (.input clocked by virtual_io_clock)
Endpoint  : dj3[2].clear[0] (jscdff clocked by w_gclk_12[0])
Path Type : setup

Point                                                             Incr      Path
--------------------------------------------------------------------------------
clock virtual_io_clock (rise edge)                               0.000     0.000
clock source latency                                             0.000     0.000
input external delay                                             0.000     0.000
$true.inpad[0] (.input)                                          0.000     0.000
dj3[2].clear[0] (jscdff)                                         0.006     0.006
data arrival time                                                          0.006

clock w_gclk_12[0] (rise edge)                                   0.000     0.000
clock source latency                                             0.000     0.000
w_gclk_12[0].doutA[0] (jspl3)                                    0.000     0.000
dj3[2].clk[0] (jscdff)                                           0.000     0.000
clock uncertainty                                                0.000     0.000
cell setup time                                                 -0.003    -0.003
data required time                                                        -0.003
--------------------------------------------------------------------------------
data required time                                                        -0.003
data arrival time                                                         -0.006
--------------------------------------------------------------------------------
slack (VIOLATED)                                                          -0.009


#Path 30
Startpoint: $true.inpad[0] (.input clocked by virtual_io_clock)
Endpoint  : dj2[1].en[0] (jscdff clocked by w_gclk_10[0])
Path Type : setup

Point                                                             Incr      Path
--------------------------------------------------------------------------------
clock virtual_io_clock (rise edge)                               0.000     0.000
clock source latency                                             0.000     0.000
input external delay                                             0.000     0.000
$true.inpad[0] (.input)                                          0.000     0.000
dj2[1].en[0] (jscdff)                                            0.006     0.006
data arrival time                                                          0.006

clock w_gclk_10[0] (rise edge)                                   0.000     0.000
clock source latency                                             0.000     0.000
w_gclk_10[0].doutA[0] (jspl3)                                    0.000     0.000
dj2[1].clk[0] (jscdff)                                           0.000     0.000
clock uncertainty                                                0.000     0.000
cell setup time                                                 -0.003    -0.003
data required time                                                        -0.003
--------------------------------------------------------------------------------
data required time                                                        -0.003
data arrival time                                                         -0.006
--------------------------------------------------------------------------------
slack (VIOLATED)                                                          -0.009


#Path 31
Startpoint: Carry_out.dout[0] (jscdff clocked by w_gclk_15[0])
Endpoint  : out:Carry_out.outpad[0] (.output clocked by virtual_io_clock)
Path Type : setup

Point                                                             Incr      Path
--------------------------------------------------------------------------------
clock w_gclk_15[0] (rise edge)                                   0.000     0.000
clock source latency                                             0.000     0.000
w_gclk_15[0].doutA[0] (jspl3)                                    0.000     0.000
Carry_out.clk[0] (jscdff)                                        0.000     0.000
Carry_out.dout[0] (jscdff) [clock-to-output]                     0.005     0.005
out:Carry_out.outpad[0] (.output)                                0.004     0.008
data arrival time                                                          0.008

clock virtual_io_clock (rise edge)                               0.000     0.000
clock source latency                                             0.000     0.000
clock uncertainty                                                0.000     0.000
output external delay                                            0.000     0.000
data required time                                                         0.000
--------------------------------------------------------------------------------
data required time                                                         0.000
data arrival time                                                         -0.008
--------------------------------------------------------------------------------
slack (VIOLATED)                                                          -0.008


#Path 32
Startpoint: Cmpl_X.inpad[0] (.input clocked by virtual_io_clock)
Endpoint  : dj0[3].dinB[0] (jxor clocked by w_gclk_6[0])
Path Type : setup

Point                                                             Incr      Path
--------------------------------------------------------------------------------
clock virtual_io_clock (rise edge)                               0.000     0.000
clock source latency                                             0.000     0.000
input external delay                                             0.000     0.000
Cmpl_X.inpad[0] (.input)                                         0.000     0.000
dj0[3].dinB[0] (jxor)                                            0.002     0.002
data arrival time                                                          0.002

clock w_gclk_6[0] (rise edge)                                    0.000     0.000
clock source latency                                             0.000     0.000
w_gclk_6[0].doutA[0] (jspl3)                                     0.000     0.000
dj0[3].clk[0] (jxor)                                             0.000     0.000
clock uncertainty                                                0.000     0.000
cell setup time                                                 -0.005    -0.005
data required time                                                        -0.005
--------------------------------------------------------------------------------
data required time                                                        -0.005
data arrival time                                                         -0.002
--------------------------------------------------------------------------------
slack (VIOLATED)                                                          -0.008


#Path 33
Startpoint: Op_XOR.inpad[0] (.input clocked by virtual_io_clock)
Endpoint  : dj0[4].din[0] (jscdff clocked by w_gclk_6[1])
Path Type : setup

Point                                                             Incr      Path
--------------------------------------------------------------------------------
clock virtual_io_clock (rise edge)                               0.000     0.000
clock source latency                                             0.000     0.000
input external delay                                             0.000     0.000
Op_XOR.inpad[0] (.input)                                         0.000     0.000
dj0[4].din[0] (jscdff)                                           0.005     0.005
data arrival time                                                          0.005

clock w_gclk_6[1] (rise edge)                                    0.000     0.000
clock source latency                                             0.000     0.000
w_gclk_6[0].doutB[0] (jspl3)                                     0.000     0.000
dj0[4].clk[0] (jscdff)                                           0.000     0.000
clock uncertainty                                                0.000     0.000
cell setup time                                                 -0.003    -0.003
data required time                                                        -0.003
--------------------------------------------------------------------------------
data required time                                                        -0.003
data arrival time                                                         -0.005
--------------------------------------------------------------------------------
slack (VIOLATED)                                                          -0.007


#Path 34
Startpoint: $true.inpad[0] (.input clocked by virtual_io_clock)
Endpoint  : dj4[9].en[0] (jscdff clocked by w_gclk_14[2])
Path Type : setup

Point                                                             Incr      Path
--------------------------------------------------------------------------------
clock virtual_io_clock (rise edge)                               0.000     0.000
clock source latency                                             0.000     0.000
input external delay                                             0.000     0.000
$true.inpad[0] (.input)                                          0.000     0.000
dj4[9].en[0] (jscdff)                                            0.005     0.005
data arrival time                                                          0.005

clock w_gclk_14[2] (rise edge)                                   0.000     0.000
clock source latency                                             0.000     0.000
w_gclk_14[0].doutC[0] (jspl3)                                    0.000     0.000
dj4[9].clk[0] (jscdff)                                           0.000     0.000
clock uncertainty                                                0.000     0.000
cell setup time                                                 -0.003    -0.003
data required time                                                        -0.003
--------------------------------------------------------------------------------
data required time                                                        -0.003
data arrival time                                                         -0.005
--------------------------------------------------------------------------------
slack (VIOLATED)                                                          -0.007


#Path 35
Startpoint: $true.inpad[0] (.input clocked by virtual_io_clock)
Endpoint  : dj2[0].clear[0] (jscdff clocked by w_gclk_9[2])
Path Type : setup

Point                                                             Incr      Path
--------------------------------------------------------------------------------
clock virtual_io_clock (rise edge)                               0.000     0.000
clock source latency                                             0.000     0.000
input external delay                                             0.000     0.000
$true.inpad[0] (.input)                                          0.000     0.000
dj2[0].clear[0] (jscdff)                                         0.005     0.005
data arrival time                                                          0.005

clock w_gclk_9[2] (rise edge)                                    0.000     0.000
clock source latency                                             0.000     0.000
w_gclk_9[0].doutC[0] (jspl3)                                     0.000     0.000
dj2[0].clk[0] (jscdff)                                           0.000     0.000
clock uncertainty                                                0.000     0.000
cell setup time                                                 -0.003    -0.003
data required time                                                        -0.003
--------------------------------------------------------------------------------
data required time                                                        -0.003
data arrival time                                                         -0.005
--------------------------------------------------------------------------------
slack (VIOLATED)                                                          -0.007


#Path 36
Startpoint: $true.inpad[0] (.input clocked by virtual_io_clock)
Endpoint  : dj3[4].clear[0] (jscdff clocked by w_gclk_12[2])
Path Type : setup

Point                                                             Incr      Path
--------------------------------------------------------------------------------
clock virtual_io_clock (rise edge)                               0.000     0.000
clock source latency                                             0.000     0.000
input external delay                                             0.000     0.000
$true.inpad[0] (.input)                                          0.000     0.000
dj3[4].clear[0] (jscdff)                                         0.005     0.005
data arrival time                                                          0.005

clock w_gclk_12[2] (rise edge)                                   0.000     0.000
clock source latency                                             0.000     0.000
w_gclk_12[0].doutC[0] (jspl3)                                    0.000     0.000
dj3[4].clk[0] (jscdff)                                           0.000     0.000
clock uncertainty                                                0.000     0.000
cell setup time                                                 -0.003    -0.003
data required time                                                        -0.003
--------------------------------------------------------------------------------
data required time                                                        -0.003
data arrival time                                                         -0.005
--------------------------------------------------------------------------------
slack (VIOLATED)                                                          -0.007


#Path 37
Startpoint: $true.inpad[0] (.input clocked by virtual_io_clock)
Endpoint  : dj3[4].en[0] (jscdff clocked by w_gclk_12[2])
Path Type : setup

Point                                                             Incr      Path
--------------------------------------------------------------------------------
clock virtual_io_clock (rise edge)                               0.000     0.000
clock source latency                                             0.000     0.000
input external delay                                             0.000     0.000
$true.inpad[0] (.input)                                          0.000     0.000
dj3[4].en[0] (jscdff)                                            0.005     0.005
data arrival time                                                          0.005

clock w_gclk_12[2] (rise edge)                                   0.000     0.000
clock source latency                                             0.000     0.000
w_gclk_12[0].doutC[0] (jspl3)                                    0.000     0.000
dj3[4].clk[0] (jscdff)                                           0.000     0.000
clock uncertainty                                                0.000     0.000
cell setup time                                                 -0.003    -0.003
data required time                                                        -0.003
--------------------------------------------------------------------------------
data required time                                                        -0.003
data arrival time                                                         -0.005
--------------------------------------------------------------------------------
slack (VIOLATED)                                                          -0.007


#Path 38
Startpoint: $true.inpad[0] (.input clocked by virtual_io_clock)
Endpoint  : dj0[0].clear[0] (jscdff clocked by w_gclk_5[0])
Path Type : setup

Point                                                             Incr      Path
--------------------------------------------------------------------------------
clock virtual_io_clock (rise edge)                               0.000     0.000
clock source latency                                             0.000     0.000
input external delay                                             0.000     0.000
$true.inpad[0] (.input)                                          0.000     0.000
dj0[0].clear[0] (jscdff)                                         0.005     0.005
data arrival time                                                          0.005

clock w_gclk_5[0] (rise edge)                                    0.000     0.000
clock source latency                                             0.000     0.000
w_gclk_5[0].doutA[0] (jspl3)                                     0.000     0.000
dj0[0].clk[0] (jscdff)                                           0.000     0.000
clock uncertainty                                                0.000     0.000
cell setup time                                                 -0.003    -0.003
data required time                                                        -0.003
--------------------------------------------------------------------------------
data required time                                                        -0.003
data arrival time                                                         -0.005
--------------------------------------------------------------------------------
slack (VIOLATED)                                                          -0.007


#Path 39
Startpoint: $true.inpad[0] (.input clocked by virtual_io_clock)
Endpoint  : dj1[0].clear[0] (jscdff clocked by w_gclk_7[1])
Path Type : setup

Point                                                             Incr      Path
--------------------------------------------------------------------------------
clock virtual_io_clock (rise edge)                               0.000     0.000
clock source latency                                             0.000     0.000
input external delay                                             0.000     0.000
$true.inpad[0] (.input)                                          0.000     0.000
dj1[0].clear[0] (jscdff)                                         0.004     0.004
data arrival time                                                          0.004

clock w_gclk_7[1] (rise edge)                                    0.000     0.000
clock source latency                                             0.000     0.000
w_gclk_7[0].doutB[0] (jspl3)                                     0.000     0.000
dj1[0].clk[0] (jscdff)                                           0.000     0.000
clock uncertainty                                                0.000     0.000
cell setup time                                                 -0.003    -0.003
data required time                                                        -0.003
--------------------------------------------------------------------------------
data required time                                                        -0.003
data arrival time                                                         -0.004
--------------------------------------------------------------------------------
slack (VIOLATED)                                                          -0.006


#Path 40
Startpoint: $true.inpad[0] (.input clocked by virtual_io_clock)
Endpoint  : dj2[0].en[0] (jscdff clocked by w_gclk_9[2])
Path Type : setup

Point                                                             Incr      Path
--------------------------------------------------------------------------------
clock virtual_io_clock (rise edge)                               0.000     0.000
clock source latency                                             0.000     0.000
input external delay                                             0.000     0.000
$true.inpad[0] (.input)                                          0.000     0.000
dj2[0].en[0] (jscdff)                                            0.004     0.004
data arrival time                                                          0.004

clock w_gclk_9[2] (rise edge)                                    0.000     0.000
clock source latency                                             0.000     0.000
w_gclk_9[0].doutC[0] (jspl3)                                     0.000     0.000
dj2[0].clk[0] (jscdff)                                           0.000     0.000
clock uncertainty                                                0.000     0.000
cell setup time                                                 -0.003    -0.003
data required time                                                        -0.003
--------------------------------------------------------------------------------
data required time                                                        -0.003
data arrival time                                                         -0.004
--------------------------------------------------------------------------------
slack (VIOLATED)                                                          -0.006


#Path 41
Startpoint: $true.inpad[0] (.input clocked by virtual_io_clock)
Endpoint  : dj4[8].clear[0] (jscdff clocked by w_gclk_14[1])
Path Type : setup

Point                                                             Incr      Path
--------------------------------------------------------------------------------
clock virtual_io_clock (rise edge)                               0.000     0.000
clock source latency                                             0.000     0.000
input external delay                                             0.000     0.000
$true.inpad[0] (.input)                                          0.000     0.000
dj4[8].clear[0] (jscdff)                                         0.004     0.004
data arrival time                                                          0.004

clock w_gclk_14[1] (rise edge)                                   0.000     0.000
clock source latency                                             0.000     0.000
w_gclk_14[0].doutB[0] (jspl3)                                    0.000     0.000
dj4[8].clk[0] (jscdff)                                           0.000     0.000
clock uncertainty                                                0.000     0.000
cell setup time                                                 -0.003    -0.003
data required time                                                        -0.003
--------------------------------------------------------------------------------
data required time                                                        -0.003
data arrival time                                                         -0.004
--------------------------------------------------------------------------------
slack (VIOLATED)                                                          -0.006


#Path 42
Startpoint: $true.inpad[0] (.input clocked by virtual_io_clock)
Endpoint  : dj4[8].en[0] (jscdff clocked by w_gclk_14[1])
Path Type : setup

Point                                                             Incr      Path
--------------------------------------------------------------------------------
clock virtual_io_clock (rise edge)                               0.000     0.000
clock source latency                                             0.000     0.000
input external delay                                             0.000     0.000
$true.inpad[0] (.input)                                          0.000     0.000
dj4[8].en[0] (jscdff)                                            0.004     0.004
data arrival time                                                          0.004

clock w_gclk_14[1] (rise edge)                                   0.000     0.000
clock source latency                                             0.000     0.000
w_gclk_14[0].doutB[0] (jspl3)                                    0.000     0.000
dj4[8].clk[0] (jscdff)                                           0.000     0.000
clock uncertainty                                                0.000     0.000
cell setup time                                                 -0.003    -0.003
data required time                                                        -0.003
--------------------------------------------------------------------------------
data required time                                                        -0.003
data arrival time                                                         -0.004
--------------------------------------------------------------------------------
slack (VIOLATED)                                                          -0.006


#Path 43
Startpoint: Op_ARITH.inpad[0] (.input clocked by virtual_io_clock)
Endpoint  : dj0[6].din[0] (jscdff clocked by w_gclk_7[0])
Path Type : setup

Point                                                             Incr      Path
--------------------------------------------------------------------------------
clock virtual_io_clock (rise edge)                               0.000     0.000
clock source latency                                             0.000     0.000
input external delay                                             0.000     0.000
Op_ARITH.inpad[0] (.input)                                       0.000     0.000
dj0[6].din[0] (jscdff)                                           0.004     0.004
data arrival time                                                          0.004

clock w_gclk_7[0] (rise edge)                                    0.000     0.000
clock source latency                                             0.000     0.000
w_gclk_7[0].doutA[0] (jspl3)                                     0.000     0.000
dj0[6].clk[0] (jscdff)                                           0.000     0.000
clock uncertainty                                                0.000     0.000
cell setup time                                                 -0.003    -0.003
data required time                                                        -0.003
--------------------------------------------------------------------------------
data required time                                                        -0.003
data arrival time                                                         -0.004
--------------------------------------------------------------------------------
slack (VIOLATED)                                                          -0.006


#Path 44
Startpoint: $true.inpad[0] (.input clocked by virtual_io_clock)
Endpoint  : Carry_out.clear[0] (jscdff clocked by w_gclk_15[0])
Path Type : setup

Point                                                             Incr      Path
--------------------------------------------------------------------------------
clock virtual_io_clock (rise edge)                               0.000     0.000
clock source latency                                             0.000     0.000
input external delay                                             0.000     0.000
$true.inpad[0] (.input)                                          0.000     0.000
Carry_out.clear[0] (jscdff)                                      0.004     0.004
data arrival time                                                          0.004

clock w_gclk_15[0] (rise edge)                                   0.000     0.000
clock source latency                                             0.000     0.000
w_gclk_15[0].doutA[0] (jspl3)                                    0.000     0.000
Carry_out.clk[0] (jscdff)                                        0.000     0.000
clock uncertainty                                                0.000     0.000
cell setup time                                                 -0.003    -0.003
data required time                                                        -0.003
--------------------------------------------------------------------------------
data required time                                                        -0.003
data arrival time                                                         -0.004
--------------------------------------------------------------------------------
slack (VIOLATED)                                                          -0.006


#Path 45
Startpoint: $true.inpad[0] (.input clocked by virtual_io_clock)
Endpoint  : Carry_out.en[0] (jscdff clocked by w_gclk_15[0])
Path Type : setup

Point                                                             Incr      Path
--------------------------------------------------------------------------------
clock virtual_io_clock (rise edge)                               0.000     0.000
clock source latency                                             0.000     0.000
input external delay                                             0.000     0.000
$true.inpad[0] (.input)                                          0.000     0.000
Carry_out.en[0] (jscdff)                                         0.004     0.004
data arrival time                                                          0.004

clock w_gclk_15[0] (rise edge)                                   0.000     0.000
clock source latency                                             0.000     0.000
w_gclk_15[0].doutA[0] (jspl3)                                    0.000     0.000
Carry_out.clk[0] (jscdff)                                        0.000     0.000
clock uncertainty                                                0.000     0.000
cell setup time                                                 -0.003    -0.003
data required time                                                        -0.003
--------------------------------------------------------------------------------
data required time                                                        -0.003
data arrival time                                                         -0.004
--------------------------------------------------------------------------------
slack (VIOLATED)                                                          -0.006


#Path 46
Startpoint: Carry_in.inpad[0] (.input clocked by virtual_io_clock)
Endpoint  : dj0[0].din[0] (jscdff clocked by w_gclk_5[0])
Path Type : setup

Point                                                             Incr      Path
--------------------------------------------------------------------------------
clock virtual_io_clock (rise edge)                               0.000     0.000
clock source latency                                             0.000     0.000
input external delay                                             0.000     0.000
Carry_in.inpad[0] (.input)                                       0.000     0.000
dj0[0].din[0] (jscdff)                                           0.004     0.004
data arrival time                                                          0.004

clock w_gclk_5[0] (rise edge)                                    0.000     0.000
clock source latency                                             0.000     0.000
w_gclk_5[0].doutA[0] (jspl3)                                     0.000     0.000
dj0[0].clk[0] (jscdff)                                           0.000     0.000
clock uncertainty                                                0.000     0.000
cell setup time                                                 -0.003    -0.003
data required time                                                        -0.003
--------------------------------------------------------------------------------
data required time                                                        -0.003
data arrival time                                                         -0.004
--------------------------------------------------------------------------------
slack (VIOLATED)                                                          -0.006


#Path 47
Startpoint: $true.inpad[0] (.input clocked by virtual_io_clock)
Endpoint  : dj0[0].en[0] (jscdff clocked by w_gclk_5[0])
Path Type : setup

Point                                                             Incr      Path
--------------------------------------------------------------------------------
clock virtual_io_clock (rise edge)                               0.000     0.000
clock source latency                                             0.000     0.000
input external delay                                             0.000     0.000
$true.inpad[0] (.input)                                          0.000     0.000
dj0[0].en[0] (jscdff)                                            0.004     0.004
data arrival time                                                          0.004

clock w_gclk_5[0] (rise edge)                                    0.000     0.000
clock source latency                                             0.000     0.000
w_gclk_5[0].doutA[0] (jspl3)                                     0.000     0.000
dj0[0].clk[0] (jscdff)                                           0.000     0.000
clock uncertainty                                                0.000     0.000
cell setup time                                                 -0.003    -0.003
data required time                                                        -0.003
--------------------------------------------------------------------------------
data required time                                                        -0.003
data arrival time                                                         -0.004
--------------------------------------------------------------------------------
slack (VIOLATED)                                                          -0.006


#Path 48
Startpoint: $true.inpad[0] (.input clocked by virtual_io_clock)
Endpoint  : dj1[0].en[0] (jscdff clocked by w_gclk_7[1])
Path Type : setup

Point                                                             Incr      Path
--------------------------------------------------------------------------------
clock virtual_io_clock (rise edge)                               0.000     0.000
clock source latency                                             0.000     0.000
input external delay                                             0.000     0.000
$true.inpad[0] (.input)                                          0.000     0.000
dj1[0].en[0] (jscdff)                                            0.002     0.002
data arrival time                                                          0.002

clock w_gclk_7[1] (rise edge)                                    0.000     0.000
clock source latency                                             0.000     0.000
w_gclk_7[0].doutB[0] (jspl3)                                     0.000     0.000
dj1[0].clk[0] (jscdff)                                           0.000     0.000
clock uncertainty                                                0.000     0.000
cell setup time                                                 -0.003    -0.003
data required time                                                        -0.003
--------------------------------------------------------------------------------
data required time                                                        -0.003
data arrival time                                                         -0.002
--------------------------------------------------------------------------------
slack (VIOLATED)                                                          -0.005


#Path 49
Startpoint: End.inpad[0] (.input clocked by virtual_io_clock)
Endpoint  : dj0[1].din[0] (jscdff clocked by w_gclk_5[1])
Path Type : setup

Point                                                             Incr      Path
--------------------------------------------------------------------------------
clock virtual_io_clock (rise edge)                               0.000     0.000
clock source latency                                             0.000     0.000
input external delay                                             0.000     0.000
End.inpad[0] (.input)                                            0.000     0.000
dj0[1].din[0] (jscdff)                                           0.002     0.002
data arrival time                                                          0.002

clock w_gclk_5[1] (rise edge)                                    0.000     0.000
clock source latency                                             0.000     0.000
w_gclk_5[0].doutB[0] (jspl3)                                     0.000     0.000
dj0[1].clk[0] (jscdff)                                           0.000     0.000
clock uncertainty                                                0.000     0.000
cell setup time                                                 -0.003    -0.003
data required time                                                        -0.003
--------------------------------------------------------------------------------
data required time                                                        -0.003
data arrival time                                                         -0.002
--------------------------------------------------------------------------------
slack (VIOLATED)                                                          -0.005


#Path 50
Startpoint: $true.inpad[0] (.input clocked by virtual_io_clock)
Endpoint  : dj1[6].clear[0] (jscdff clocked by w_gclk_9[1])
Path Type : setup

Point                                                             Incr      Path
--------------------------------------------------------------------------------
clock virtual_io_clock (rise edge)                               0.000     0.000
clock source latency                                             0.000     0.000
input external delay                                             0.000     0.000
$true.inpad[0] (.input)                                          0.000     0.000
dj1[6].clear[0] (jscdff)                                         0.002     0.002
data arrival time                                                          0.002

clock w_gclk_9[1] (rise edge)                                    0.000     0.000
clock source latency                                             0.000     0.000
w_gclk_9[0].doutB[0] (jspl3)                                     0.000     0.000
dj1[6].clk[0] (jscdff)                                           0.000     0.000
clock uncertainty                                                0.000     0.000
cell setup time                                                 -0.003    -0.003
data required time                                                        -0.003
--------------------------------------------------------------------------------
data required time                                                        -0.003
data arrival time                                                         -0.002
--------------------------------------------------------------------------------
slack (VIOLATED)                                                          -0.005


#Path 51
Startpoint: $true.inpad[0] (.input clocked by virtual_io_clock)
Endpoint  : dj1[6].en[0] (jscdff clocked by w_gclk_9[1])
Path Type : setup

Point                                                             Incr      Path
--------------------------------------------------------------------------------
clock virtual_io_clock (rise edge)                               0.000     0.000
clock source latency                                             0.000     0.000
input external delay                                             0.000     0.000
$true.inpad[0] (.input)                                          0.000     0.000
dj1[6].en[0] (jscdff)                                            0.002     0.002
data arrival time                                                          0.002

clock w_gclk_9[1] (rise edge)                                    0.000     0.000
clock source latency                                             0.000     0.000
w_gclk_9[0].doutB[0] (jspl3)                                     0.000     0.000
dj1[6].clk[0] (jscdff)                                           0.000     0.000
clock uncertainty                                                0.000     0.000
cell setup time                                                 -0.003    -0.003
data required time                                                        -0.003
--------------------------------------------------------------------------------
data required time                                                        -0.003
data arrival time                                                         -0.002
--------------------------------------------------------------------------------
slack (VIOLATED)                                                          -0.005


#Path 52
Startpoint: $true.inpad[0] (.input clocked by virtual_io_clock)
Endpoint  : dj0[6].clear[0] (jscdff clocked by w_gclk_7[0])
Path Type : setup

Point                                                             Incr      Path
--------------------------------------------------------------------------------
clock virtual_io_clock (rise edge)                               0.000     0.000
clock source latency                                             0.000     0.000
input external delay                                             0.000     0.000
$true.inpad[0] (.input)                                          0.000     0.000
dj0[6].clear[0] (jscdff)                                         0.002     0.002
data arrival time                                                          0.002

clock w_gclk_7[0] (rise edge)                                    0.000     0.000
clock source latency                                             0.000     0.000
w_gclk_7[0].doutA[0] (jspl3)                                     0.000     0.000
dj0[6].clk[0] (jscdff)                                           0.000     0.000
clock uncertainty                                                0.000     0.000
cell setup time                                                 -0.003    -0.003
data required time                                                        -0.003
--------------------------------------------------------------------------------
data required time                                                        -0.003
data arrival time                                                         -0.002
--------------------------------------------------------------------------------
slack (VIOLATED)                                                          -0.005


#Path 53
Startpoint: $true.inpad[0] (.input clocked by virtual_io_clock)
Endpoint  : dj0[6].en[0] (jscdff clocked by w_gclk_7[0])
Path Type : setup

Point                                                             Incr      Path
--------------------------------------------------------------------------------
clock virtual_io_clock (rise edge)                               0.000     0.000
clock source latency                                             0.000     0.000
input external delay                                             0.000     0.000
$true.inpad[0] (.input)                                          0.000     0.000
dj0[6].en[0] (jscdff)                                            0.001     0.001
data arrival time                                                          0.001

clock w_gclk_7[0] (rise edge)                                    0.000     0.000
clock source latency                                             0.000     0.000
w_gclk_7[0].doutA[0] (jspl3)                                     0.000     0.000
dj0[6].clk[0] (jscdff)                                           0.000     0.000
clock uncertainty                                                0.000     0.000
cell setup time                                                 -0.003    -0.003
data required time                                                        -0.003
--------------------------------------------------------------------------------
data required time                                                        -0.003
data arrival time                                                         -0.001
--------------------------------------------------------------------------------
slack (VIOLATED)                                                          -0.004


#End of timing report
