#Unconstrained hold timing startpoint/endpoint

timing_node_id node_type node_name
-------------- --------- ---------
0 .input gclk.inpad[0]
83 jscdff dj2[1].dout[0]
84 jand dj2[2].dout[0]
85 jand dj2[3].dout[0]
86 jand dj2[4].dout[0]
87 jand dj3[0].dout[0]
88 jand dj3[1].dout[0]
91 jscdff dj3[2].dout[0]
94 jscdff dj3[3].dout[0]
97 jscdff dj3[4].dout[0]
100 jscdff dj4[0].dout[0]
104 jscdff dj4[6].dout[0]
105 jand dj4[7].dout[0]
108 jscdff dj4[8].dout[0]
111 jscdff dj4[9].dout[0]
120 jscdff dj0[0].dout[0]
124 jscdff dj0[1].dout[0]
127 jxor dj0[2].dout[0]
130 jxor dj0[3].dout[0]
134 jscdff dj0[4].dout[0]
138 jscdff dj0[5].dout[0]
142 jscdff dj0[6].dout[0]
145 jscdff dj1[0].dout[0]
148 jscdff dj1[1].dout[0]
149 jand dj1[2].dout[0]
150 jxor dj1[3].dout[0]
153 jscdff dj1[4].dout[0]
156 jscdff dj1[5].dout[0]
159 jscdff dj1[6].dout[0]
162 jscdff dj2[0].dout[0]
171 jand dj4[1].dinA[0]
172 jscdff dj4[6].din[0]
173 jand dj4[7].dinA[0]
174 jscdff dj4[8].din[0]
179 jxor Sum.dinA[0]
184 jscdff dj1[0].din[0]
185 jscdff dj1[1].din[0]
188 jscdff dj1[4].din[0]
189 jscdff dj1[5].din[0]
190 jscdff dj1[6].din[0]
191 jscdff dj2[0].din[0]
192 jscdff dj2[1].din[0]
194 jand dj2[4].dinB[0]
195 jand dj2[4].dinA[0]
196 jand dj2[3].dinA[0]
197 jand dj2[2].dinA[0]
233 jand dj3[0].dinB[0]
234 jand dj3[1].dinB[0]
235 jand dj3[0].dinA[0]
236 jscdff dj3[2].din[0]
240 jxor Overflow.dinB[0]
241 jxor Sum.dinB[0]
242 jand dj1[2].dinA[0]
243 jxor dj1[3].dinA[0]
244 jand dj1[2].dinB[0]
245 jxor dj1[3].dinB[0]
246 jand dj2[2].dinB[0]
247 jand dj2[3].dinB[0]
248 jscdff dj4[0].din[0]
263 jand dj3[1].dinA[0]
264 jscdff dj3[3].din[0]
265 jscdff dj3[4].din[0]
267 jand dj4[7].dinB[0]
268 jscdff dj4[9].din[0]
269 jscdff Carry_out.din[0]
270 jxor Overflow.dinA[0]

#End of unconstrained hold startpoint/endpoint report
